seed decomposition: K3 on {1,2,9}, K3 on {6,7,8} after including core edge 67, plus 35 and 36.
one-prerequisite activations:
(6, (2, 5), 1, [(0, 7)], '')
(8, (1, 6), 1, [(0, 7)], '')
(12, (3, 4), 1, [(0, 7)], '')
rows:
(1, (0, 1), 0, [], 'canonical completion of C')
(2, (3, 9), 4, [(1, 9), (2, 9), (3, 5), (3, 6)], '')
(3, (0, 7), 5, [(1, 9), (2, 9), (3, 5), (3, 6), (3, 9)], '')
(4, (1, 7), 4, [(0, 7), (1, 2), (3, 5), (3, 6)], '')
(5, (0, 3), 3, [(1, 2), (1, 7), (3, 5)], '')
(6, (2, 5), 1, [(0, 7)], '')
(7, (4, 7), 4, [(0, 3), (1, 7), (2, 5), (3, 6)], '')
(8, (1, 6), 1, [(0, 7)], '')
(9, (2, 7), 3, [(0, 3), (1, 2), (3, 6)], '')
(10, (5, 6), 3, [(0, 3), (1, 2), (4, 7)], '')
(11, (2, 4), 3, [(0, 3), (1, 7), (5, 6)], '')
(12, (3, 4), 1, [(0, 7)], '')
(13, (0, 5), 3, [(1, 2), (3, 6), (4, 7)], '')
(14, (0, 6), 3, [(0, 3), (1, 2), (2, 4)], '')
(15, (1, 4), 3, [(0, 3), (0, 5), (1, 2)], '')
(16, (5, 9), 4, [(1, 2), (1, 4), (1, 9), (3, 9)], '')
(17, (4, 9), 2, [(1, 9), (2, 9)], '')
(18, (6, 9), 2, [(3, 9), (5, 9)], '')
(19, (0, 9), 2, [(3, 9), (5, 9)], '')
(20, (7, 9), 2, [(1, 9), (2, 9)], '')
(21, (2, 8), 4, [(0, 6), (5, 6), (6, 8), (7, 8)], '')
(22, (5, 8), 4, [(1, 7), (2, 7), (6, 8), (7, 8)], '')
(23, (1, 8), 2, [(2, 8), (7, 8)], '')
(24, (3, 8), 2, [(5, 8), (6, 8)], '')
(25, (4, 8), 2, [(1, 8), (2, 8)], '')
(26, (0, 8), 2, [(3, 8), (5, 8)], '')
(27, (8, 9), 4, [(0, 8), (1, 9), (6, 8), (7, 9)], '')
phase A steps 1 - 5 prereq_sizes [4, 5, 4, 3]
phase B steps 6 - 12 prereq_sizes [1, 4, 1, 3, 3, 3, 1]
phase C steps 13 - 15 prereq_sizes [3, 3, 3]
phase D steps 16 - 20 prereq_sizes [4, 2, 2, 2, 2]
phase E steps 21 - 27 prereq_sizes [4, 4, 2, 2, 2, 2, 4]
